********************ASSIGNMENTNO.1(A)***********************************

TITLE: HADOOP INSTALAATION ON A A)SINGLE NODE B)MULTIPLE NODE
NAME: Kalpesh S. Sonawane                                                   
ROLL NO:55


hduser@student-HP-Pro-3330-MT:~$ start-yarn.sh
starting yarn daemons
starting resourcemanager, logging to /usr/local/hadoop/logs/yarn-hduser-resourcemanager-student-HP-Pro-3330-MT.out
Enter passphrase for key '/home/hduser/.ssh/id_rsa': 
hduser@localhost's password: 
localhost: starting nodemanager, logging to /usr/local/hadoop/logs/yarn-hduser-nodemanager-student-HP-Pro-3330-MT.out
hduser@student-HP-Pro-3330-MT:~$ start-dfs.sh
18/01/12 14:13:20 WARN util.NativeCodeLoader: Unable to load native-hadoop library for your platform... using builtin-java classes where applicable
Starting namenodes on [localhost]
Enter passphrase for key '/home/hduser/.ssh/id_rsa': 
hduser@localhost's password: 
localhost: starting namenode, logging to /usr/local/hadoop/logs/hadoop-hduser-namenode-student-HP-Pro-3330-MT.out
Enter passphrase for key '/home/hduser/.ssh/id_rsa': 
hduser@localhost's password: 
localhost: starting datanode, logging to /usr/local/hadoop/logs/hadoop-hduser-datanode-student-HP-Pro-3330-MT.out
Starting secondary namenodes [0.0.0.0]
Enter passphrase for key '/home/hduser/.ssh/id_rsa': 
hduser@0.0.0.0's password: 
hduser@0.0.0.0's password: 0.0.0.0: Permission denied, please try again.

0.0.0.0: Permission denied, please try again.
hduser@0.0.0.0's password: 
0.0.0.0: starting secondarynamenode, logging to /usr/local/hadoop/logs/hadoop-hduser-secondarynamenode-student-HP-Pro-3330-MT.out
18/01/12 14:14:34 WARN util.NativeCodeLoader: Unable to load native-hadoop library for your platform... using builtin-java classes where applicable
hduser@student-HP-Pro-3330-MT:~$ jps
6082 DataNode
6416 Jps
5914 NameNode
5616 NodeManager
5284 ResourceManager
6293 SecondaryNameNode
hduser@student-HP-Pro-3330-MT:~$ cd /home/student/Desktop
hduser@student-HP-Pro-3330-MT:/home/student/Desktop$ sudo mkdir data
mkdir: cannot create directory ‘data’: File exists
hduser@student-HP-Pro-3330-MT:/home/student/Desktop$ sudo mkdir data
mkdir: cannot create directory ‘data’: File exists
hduser@student-HP-Pro-3330-MT:/home/student/Desktop$ sudo mkdir data
mkdir: cannot create directory ‘data’: File exists
hduser@student-HP-Pro-3330-MT:/home/student/Desktop$ cd data
hduser@student-HP-Pro-3330-MT:/home/student/Desktop/data$ sudo gedit sample.txt

(gedit:6508): Gtk-WARNING **: Calling Inhibit failed: GDBus.Error:org.freedesktop.DBus.Error.ServiceUnknown: The name org.gnome.SessionManager was not provided by any .service files

(gedit:6508): Gtk-WARNING **: Calling Inhibit failed: GDBus.Error:org.freedesktop.DBus.Error.ServiceUnknown: The name org.gnome.SessionManager was not provided by any .service files
hduser@student-HP-Pro-3330-MT:/home/student/Desktop/data$ cd
hduser@student-HP-Pro-3330-MT:~$ cd usr/local/hadoop
bash: cd: usr/local/hadoop: No such file or directory
hduser@student-HP-Pro-3330-MT:~$ cd /usr/local/hadoop
hduser@student-HP-Pro-3330-MT:/usr/local/hadoop$ bin/hdfs dfs -mkdir /user/
18/01/12 14:23:32 WARN util.NativeCodeLoader: Unable to load native-hadoop library for your platform... using builtin-java classes where applicable
hduser@student-HP-Pro-3330-MT:/usr/local/hadoop$ bin/hdfs dfs -mkdir /user/ypm
18/01/12 14:23:48 WARN util.NativeCodeLoader: Unable to load native-hadoop library for your platform... using builtin-java classes where applicable
hduser@student-HP-Pro-3330-MT:/usr/local/hadoop$ bin/hdfs dfs -put /home/student/Desktop/data
18/01/12 14:24:09 WARN util.NativeCodeLoader: Unable to load native-hadoop library for your platform... using builtin-java classes where applicable
put: `.': No such file or directory: `hdfs://localhost:9000/user/hduser'
hduser@student-HP-Pro-3330-MT:/usr/local/hadoop$ bin/hdfs dfs -put /home/student/Desktop/data /user/input
18/01/12 14:24:44 WARN util.NativeCodeLoader: Unable to load native-hadoop library for your platform... using builtin-java classes where applicable
hduser@student-HP-Pro-3330-MT:/usr/local/hadoop$ bin/hadoop jar share/hadoop/mapreduce/hadoop-mapreduce-examples-2.9.0.jar wordcount /user/input output
18/01/12 14:26:01 WARN util.NativeCodeLoader: Unable to load native-hadoop library for your platform... using builtin-java classes where applicable
18/01/12 14:26:02 INFO client.RMProxy: Connecting to ResourceManager at /0.0.0.0:8032
18/01/12 14:26:03 INFO input.FileInputFormat: Total input files to process : 2
18/01/12 14:26:03 INFO mapreduce.JobSubmitter: number of splits:2
18/01/12 14:26:03 INFO Configuration.deprecation: yarn.resourcemanager.system-metrics-publisher.enabled is deprecated. Instead, use yarn.system-metrics-publisher.enabled
18/01/12 14:26:04 INFO mapreduce.JobSubmitter: Submitting tokens for job: job_1515746551047_0001
18/01/12 14:26:04 INFO impl.YarnClientImpl: Submitted application application_1515746551047_0001
18/01/12 14:26:04 INFO mapreduce.Job: The url to track the job: http://student-HP-Pro-3330-MT:8088/proxy/application_1515746551047_0001/
18/01/12 14:26:04 INFO mapreduce.Job: Running job: job_1515746551047_0001
18/01/12 14:26:18 INFO mapreduce.Job: Job job_1515746551047_0001 running in uber mode : false
18/01/12 14:26:18 INFO mapreduce.Job:  map 0% reduce 0%
18/01/12 14:26:35 INFO mapreduce.Job:  map 100% reduce 0%
18/01/12 14:26:47 INFO mapreduce.Job:  map 100% reduce 100%
18/01/12 14:26:48 INFO mapreduce.Job: Job job_1515746551047_0001 completed successfully
18/01/12 14:26:48 INFO mapreduce.Job: Counters: 49
	File System Counters
		FILE: Number of bytes read=330
		FILE: Number of bytes written=606611
		FILE: Number of read operations=0
		FILE: Number of large read operations=0
		FILE: Number of write operations=0
		HDFS: Number of bytes read=409
		HDFS: Number of bytes written=106
		HDFS: Number of read operations=9
		HDFS: Number of large read operations=0
		HDFS: Number of write operations=2
	Job Counters 
		Launched map tasks=2
		Launched reduce tasks=1
		Data-local map tasks=2
		Total time spent by all maps in occupied slots (ms)=28916
		Total time spent by all reduces in occupied slots (ms)=9594
		Total time spent by all map tasks (ms)=28916
		Total time spent by all reduce tasks (ms)=9594
		Total vcore-milliseconds taken by all map tasks=28916
		Total vcore-milliseconds taken by all reduce tasks=9594
		Total megabyte-milliseconds taken by all map tasks=29609984
		Total megabyte-milliseconds taken by all reduce tasks=9824256
	Map-Reduce Framework
		Map input records=38
		Map output records=36
		Map output bytes=332
		Map output materialized bytes=336
		Input split bytes=217
		Combine input records=36
		Combine output records=28
		Reduce input groups=14
		Reduce shuffle bytes=336
		Reduce input records=28
		Reduce output records=14
		Spilled Records=56
		Shuffled Maps =2
		Failed Shuffles=0
		Merged Map outputs=2
		GC time elapsed (ms)=103
		CPU time spent (ms)=1790
		Physical memory (bytes) snapshot=571895808
		Virtual memory (bytes) snapshot=1507618816
		Total committed heap usage (bytes)=415760384
	Shuffle Errors
		BAD_ID=0
		CONNECTION=0
		IO_ERROR=0
		WRONG_LENGTH=0
		WRONG_MAP=0
		WRONG_REDUCE=0
	File Input Format Counters 
		Bytes Read=192
	File Output Format Counters 
		Bytes Written=106
hduser@student-HP-Pro-3330-MT:/usr/local/hadoop$ bin/hdfs dfs -cat output/*
18/01/12 14:27:17 WARN util.NativeCodeLoader: Unable to load native-hadoop library for your platform... using builtin-java classes where applicable
KKW	6
ankita	2
ggg	2
hello	2
hi	2
iii	2
kaveri	2
kkk	6
nivedita	2
ooo	2
prajakta	2
pranali	2
wani	2
yyy	2
hduser@student-HP-Pro-3330-MT:/usr/local/hadoop$ 


