****************Part B: Assignments based on R and Python***************
TITLE :  Perform the following operations using R/Python on the 
	Air quality and Heart Diseases data sets
	1) Data cleaning
	2) Data integration
	3) Data transformation
	4) Error correcting
	5) Data model building
NAME : Kalpesh Sonawane
ROLL NO: 55
BATCH :C
************************************************************************
> mean(hd$X2,na.rm = TRUE)
[1] 2.112245

> mean(hd$X2)
[1] NA

> age <- c(23, 16, NA)
> mean(age)
[1] NA

> mean(age,na.rm =T)
[1] 19.5


> print(hd)
    X63 X1 X4 X140 X260 X0 X1.1 X112 X1.2   X3 X2 X2.1 X2.2 X2.3
1    44  1  4  130  209  0    1  127    0  0.0 NA   NA   NA    0
2    60  1  4  132  218  0    1  140    1  1.5  3   NA   NA    2
3    55  1  4  142  228  0    1  149    1  2.5  1   NA   NA    1
4    66  1  3  110  213  1    2   99    1  1.3  2   NA   NA    0
5    66  1  3  120    0  0    1  120    0 -0.5  1    5    2    0
6    65  1  4  150  236  1    1  105    1  0.0 NA   NA   NA    3
7    60  1  3  180    0  0    1  140    1  1.5  2   NA   NA    0
8    60  1  3  120    0 NA    0  141    1  2.0  1   NA   NA    3
9    60  1  2  160  267  1    1  157    0  0.5  2   NA   NA    1
10   56  1  2  126  166  0    1  140    0  0.0 NA   NA   NA    0


> complete.cases(hd)
  [1] FALSE FALSE FALSE FALSE  TRUE FALSE FALSE FALSE FALSE FALSE FALSE FALSE FALSE FALSE FALSE FALSE FALSE
 [18] FALSE FALSE FALSE FALSE FALSE FALSE FALSE FALSE FALSE FALSE  TRUE FALSE FALSE FALSE FALSE FALSE FALSE
 [35] FALSE FALSE FALSE FALSE FALSE FALSE FALSE FALSE FALSE FALSE FALSE FALSE FALSE FALSE FALSE FALSE FALSE
 [52] FALSE FALSE FALSE FALSE FALSE FALSE FALSE FALSE FALSE FALSE FALSE FALSE FALSE FALSE FALSE FALSE FALSE
 [69] FALSE FALSE FALSE FALSE FALSE FALSE FALSE FALSE FALSE FALSE FALSE FALSE FALSE FALSE FALSE FALSE FALSE
 [86] FALSE FALSE FALSE FALSE FALSE FALSE FALSE FALSE FALSE FALSE FALSE FALSE FALSE FALSE FALSE FALSE FALSE
[103] FALSE FALSE FALSE FALSE FALSE FALSE FALSE FALSE FALSE FALSE FALSE FALSE FALSE FALSE FALSE FALSE FALSE
[120] FALSE FALSE FALSE FALSE FALSE FALSE FALSE FALSE FALSE FALSE FALSE FALSE FALSE FALSE FALSE FALSE FALSE
[137] FALSE FALSE FALSE FALSE FALSE FALSE FALSE FALSE FALSE FALSE FALSE FALSE FALSE FALSE FALSE FALSE FALSE
[154] FALSE FALSE FALSE FALSE FALSE FALSE FALSE FALSE FALSE FALSE FALSE FALSE FALSE FALSE FALSE FALSE FALSE
[171] FALSE FALSE FALSE FALSE FALSE FALSE FALSE FALSE FALSE FALSE FALSE FALSE FALSE FALSE FALSE FALSE FALSE
[188] FALSE FALSE FALSE FALSE FALSE FALSE FALSE FALSE FALSE FALSE FALSE FALSE


> is.finite(c(1, Inf, NaN, NA))
[1]  TRUE FALSE FALSE FALSE


> is.finite(hd$X3)
  [1]  TRUE  TRUE  TRUE  TRUE  TRUE  TRUE  TRUE  TRUE  TRUE  TRUE  TRUE  TRUE FALSE  TRUE
 [15]  TRUE  TRUE  TRUE  TRUE  TRUE  TRUE  TRUE  TRUE FALSE  TRUE  TRUE FALSE  TRUE  TRUE
 [29] FALSE FALSE  TRUE  TRUE  TRUE  TRUE  TRUE FALSE  TRUE FALSE  TRUE  TRUE  TRUE  TRUE
 [43]  TRUE FALSE  TRUE  TRUE  TRUE  TRUE  TRUE  TRUE FALSE  TRUE  TRUE  TRUE  TRUE  TRUE
 [57] FALSE FALSE  TRUE FALSE  TRUE  TRUE  TRUE  TRUE  TRUE  TRUE  TRUE FALSE FALSE FALSE
 [71]  TRUE FALSE  TRUE  TRUE  TRUE  TRUE FALSE  TRUE  TRUE  TRUE  TRUE  TRUE  TRUE  TRUE
 [85]  TRUE  TRUE FALSE  TRUE FALSE  TRUE  TRUE  TRUE  TRUE FALSE  TRUE FALSE FALSE  TRUE


> Sspecial <- function(x){
+     if (is.numeric(x)) !is.finite(x) else is.na(x)
+ }


> sapply(hd, Sspecial)
         X63    X1    X4  X140  X260    X0  X1.1  X112  X1.2    X3    X2  X2.1  X2.2  X2.3
  [1,] FALSE FALSE FALSE FALSE FALSE FALSE FALSE FALSE FALSE FALSE  TRUE  TRUE  TRUE FALSE
  [2,] FALSE FALSE FALSE FALSE FALSE FALSE FALSE FALSE FALSE FALSE FALSE  TRUE  TRUE FALSE
  [3,] FALSE FALSE FALSE FALSE FALSE FALSE FALSE FALSE FALSE FALSE FALSE  TRUE  TRUE FALSE
  [4,] FALSE FALSE FALSE FALSE FALSE FALSE FALSE FALSE FALSE FALSE FALSE  TRUE  TRUE FALSE
  [5,] FALSE FALSE FALSE FALSE FALSE FALSE FALSE FALSE FALSE FALSE FALSE FALSE FALSE FALSE


> x <- c(1:10, 20, 30)

> boxplot.stats(x)$out
[1] 20 30

> x <- c(1:10, 20, 30)

> plot(x)

> boxplot(x)


> T_sqrt = sqrt(hd$X4)
> hist(T_sqrt)

 > > T = (hd$X4)^(1/3)

> l = log(hd$X4)
> hist(l)

> perc<-c(15,25,20,10,27,18)
> id<-c(3,5,8,9,15,7)
> plot(perc,id)
> abline(lm(id~perc)) 

> fdata<-read.csv(file="/home/student/Desktop/file.csv",header=TRUE,sep=";")

> install.packages("deducorrect")
> library("deducorrect")

> R <- correctionRules("correct.txt")

> cor <- correctWithRules(R, fdata)

> cor$corrected

    name   height unit
1 Gaucho 1.700000    m
2  Zeppo 1.740000    m
3  Chico 1.778004    m
4  Gummo 1.680000    m
5  Harpo 1.801829    m
